Loaded GUI configuration: "/home/samuel/.local/share/aowis-server-gui/aowis-server-gui.ini" examples_builtin_enable = true map_desktop_renderer = rhi rhi_build_available = true
Test project: QUuid("{ddb01c67-4df3-4da6-bcf9-af6ecc89926e}") "Test"
Loaded map server client configuration: "/home/samuel/.local/share/aowis-server-gui/aowis-server-gui.ini"
Desktop map RHI surface 'monitor' initialized using OpenGL with 4x MSAA.
Desktop map RHI surface 'editor' initialized using OpenGL with 4x MSAA.
"en_US"
"Connecting to gpsd at 127.0.0.1:2947..."
"Connecting to gpsd at 127.0.0.1:2947..."
Using configured map server URL: "http://aowis-server-map.localhost:80"
"Connected to gpsd at 127.0.0.1:2947"
"Connected to gpsd at 127.0.0.1:2947"
Desktop map RHI surface 'monitor' submitted its first frame using OpenGL (0 link vertices, 0 node vertices).
Desktop map RHI surface 'monitor' initialized using OpenGL with 4x MSAA.
Monitor map renderer: RHI active; CPU renderer retained as fallback.
aowis.map.rhi.globe.heatmap.performance: revision=2 visible_tiles=87 dirty_tiles=27 raster_calls=27 content_tiles=0 candidate_markers=0 marker_tile_pairs=0 raster_ms=0.015 cpu_ms=0.054 fallback_uploads=0 array_uploads=0 upload_mib=0.000 gpu_bake_passes=0
aowis.map.rhi.globe.heatmap.performance: revision=2 visible_tiles=87 dirty_tiles=20 raster_calls=20 content_tiles=0 candidate_markers=0 marker_tile_pairs=0 raster_ms=0.012 cpu_ms=0.048 fallback_uploads=0 array_uploads=0 upload_mib=0.000 gpu_bake_passes=0
aowis.map.rhi.globe.heatmap.performance: revision=2 visible_tiles=87 dirty_tiles=2 raster_calls=2 content_tiles=0 candidate_markers=0 marker_tile_pairs=0 raster_ms=0.001 cpu_ms=0.022 fallback_uploads=0 array_uploads=0 upload_mib=0.000 gpu_bake_passes=0
aowis.map.rhi.globe.heatmap.performance: revision=2 visible_tiles=87 dirty_tiles=36 raster_calls=36 content_tiles=0 candidate_markers=0 marker_tile_pairs=0 raster_ms=0.016 cpu_ms=0.068 fallback_uploads=0 array_uploads=0 upload_mib=0.000 gpu_bake_passes=0
aowis.map.rhi.globe.heatmap.performance: revision=2 visible_tiles=87 dirty_tiles=1 raster_calls=1 content_tiles=0 candidate_markers=0 marker_tile_pairs=0 raster_ms=0.001 cpu_ms=0.028 fallback_uploads=0 array_uploads=0 upload_mib=0.000 gpu_bake_passes=0
aowis.map.rhi.globe.heatmap.performance: revision=2 visible_tiles=87 dirty_tiles=1 raster_calls=1 content_tiles=0 candidate_markers=0 marker_tile_pairs=0 raster_ms=0.001 cpu_ms=0.028 fallback_uploads=0 array_uploads=0 upload_mib=0.000 gpu_bake_passes=0
aowis.map.rhi.globe.heatmap.performance: revision=2 visible_tiles=97 dirty_tiles=14 raster_calls=14 content_tiles=0 candidate_markers=0 marker_tile_pairs=0 raster_ms=0.014 cpu_ms=0.086 fallback_uploads=0 array_uploads=0 upload_mib=0.000 gpu_bake_passes=0
aowis.map.rhi.globe.heatmap.performance: revision=2 visible_tiles=101 dirty_tiles=6 raster_calls=6 content_tiles=0 candidate_markers=0 marker_tile_pairs=0 raster_ms=0.005 cpu_ms=0.062 fallback_uploads=0 array_uploads=0 upload_mib=0.000 gpu_bake_passes=0
aowis.map.rhi.globe.heatmap.performance: revision=2 visible_tiles=107 dirty_tiles=8 raster_calls=8 content_tiles=0 candidate_markers=0 marker_tile_pairs=0 raster_ms=0.006 cpu_ms=0.048 fallback_uploads=0 array_uploads=0 upload_mib=0.000 gpu_bake_passes=0
aowis.map.rhi.globe.heatmap.performance: revision=2 visible_tiles=108 dirty_tiles=4 raster_calls=4 content_tiles=0 candidate_markers=0 marker_tile_pairs=0 raster_ms=0.004 cpu_ms=0.051 fallback_uploads=0 array_uploads=0 upload_mib=0.000 gpu_bake_passes=0
aowis.map.rhi.globe.heatmap.performance: revision=2 visible_tiles=109 dirty_tiles=4 raster_calls=4 content_tiles=0 candidate_markers=0 marker_tile_pairs=0 raster_ms=0.004 cpu_ms=0.039 fallback_uploads=0 array_uploads=0 upload_mib=0.000 gpu_bake_passes=0
aowis.map.rhi.globe.heatmap.performance: revision=2 visible_tiles=110 dirty_tiles=4 raster_calls=4 content_tiles=0 candidate_markers=0 marker_tile_pairs=0 raster_ms=0.003 cpu_ms=0.049 fallback_uploads=0 array_uploads=0 upload_mib=0.000 gpu_bake_passes=0
aowis.map.rhi.globe.heatmap.performance: revision=2 visible_tiles=113 dirty_tiles=4 raster_calls=4 content_tiles=0 candidate_markers=0 marker_tile_pairs=0 raster_ms=0.002 cpu_ms=0.034 fallback_uploads=0 array_uploads=0 upload_mib=0.000 gpu_bake_passes=0
aowis.map.rhi.globe.heatmap.performance: revision=2 visible_tiles=119 dirty_tiles=8 raster_calls=8 content_tiles=0 candidate_markers=0 marker_tile_pairs=0 raster_ms=0.006 cpu_ms=0.050 fallback_uploads=0 array_uploads=0 upload_mib=0.000 gpu_bake_passes=0
aowis.map.rhi.globe.heatmap.performance: revision=2 visible_tiles=124 dirty_tiles=8 raster_calls=8 content_tiles=0 candidate_markers=0 marker_tile_pairs=0 raster_ms=0.008 cpu_ms=0.057 fallback_uploads=0 array_uploads=0 upload_mib=0.000 gpu_bake_passes=0
aowis.map.rhi.globe.heatmap.performance: revision=2 visible_tiles=127 dirty_tiles=4 raster_calls=4 content_tiles=0 candidate_markers=0 marker_tile_pairs=0 raster_ms=0.004 cpu_ms=0.052 fallback_uploads=0 array_uploads=0 upload_mib=0.000 gpu_bake_passes=0
aowis.map.rhi.globe.heatmap.performance: revision=2 visible_tiles=130 dirty_tiles=4 raster_calls=4 content_tiles=0 candidate_markers=0 marker_tile_pairs=0 raster_ms=0.004 cpu_ms=0.075 fallback_uploads=0 array_uploads=0 upload_mib=0.000 gpu_bake_passes=0
aowis.map.rhi.globe.heatmap.performance: revision=2 visible_tiles=134 dirty_tiles=7 raster_calls=7 content_tiles=0 candidate_markers=0 marker_tile_pairs=0 raster_ms=0.006 cpu_ms=0.055 fallback_uploads=0 array_uploads=0 upload_mib=0.000 gpu_bake_passes=0
aowis.map.rhi.globe.heatmap.performance: revision=2 visible_tiles=135 dirty_tiles=3 raster_calls=3 content_tiles=0 candidate_markers=0 marker_tile_pairs=0 raster_ms=0.002 cpu_ms=0.055 fallback_uploads=0 array_uploads=0 upload_mib=0.000 gpu_bake_passes=0
aowis.map.rhi.globe.heatmap.performance: revision=2 visible_tiles=138 dirty_tiles=4 raster_calls=4 content_tiles=0 candidate_markers=0 marker_tile_pairs=0 raster_ms=0.002 cpu_ms=0.048 fallback_uploads=0 array_uploads=0 upload_mib=0.000 gpu_bake_passes=0
aowis.map.rhi.globe.heatmap.performance: revision=2 visible_tiles=139 dirty_tiles=2 raster_calls=2 content_tiles=0 candidate_markers=0 marker_tile_pairs=0 raster_ms=0.002 cpu_ms=0.051 fallback_uploads=0 array_uploads=0 upload_mib=0.000 gpu_bake_passes=0
aowis.map.rhi.globe.heatmap.performance: revision=2 visible_tiles=140 dirty_tiles=4 raster_calls=4 content_tiles=0 candidate_markers=0 marker_tile_pairs=0 raster_ms=0.003 cpu_ms=0.050 fallback_uploads=0 array_uploads=0 upload_mib=0.000 gpu_bake_passes=0
aowis.map.rhi.globe.heatmap.performance: revision=2 visible_tiles=139 dirty_tiles=1 raster_calls=1 content_tiles=0 candidate_markers=0 marker_tile_pairs=0 raster_ms=0.001 cpu_ms=0.040 fallback_uploads=0 array_uploads=0 upload_mib=0.000 gpu_bake_passes=0
aowis.map.rhi.globe.heatmap.performance: revision=2 visible_tiles=142 dirty_tiles=4 raster_calls=4 content_tiles=0 candidate_markers=0 marker_tile_pairs=0 raster_ms=0.002 cpu_ms=0.043 fallback_uploads=0 array_uploads=0 upload_mib=0.000 gpu_bake_passes=0
aowis.map.rhi.globe.heatmap.performance: revision=2 visible_tiles=143 dirty_tiles=4 raster_calls=4 content_tiles=0 candidate_markers=0 marker_tile_pairs=0 raster_ms=0.003 cpu_ms=0.048 fallback_uploads=0 array_uploads=0 upload_mib=0.000 gpu_bake_passes=0
aowis.map.rhi.globe.heatmap.performance: revision=2 visible_tiles=149 dirty_tiles=8 raster_calls=8 content_tiles=0 candidate_markers=0 marker_tile_pairs=0 raster_ms=0.007 cpu_ms=0.078 fallback_uploads=0 array_uploads=0 upload_mib=0.000 gpu_bake_passes=0
aowis.map.rhi.globe.heatmap.performance: revision=2 visible_tiles=150 dirty_tiles=2 raster_calls=2 content_tiles=0 candidate_markers=0 marker_tile_pairs=0 raster_ms=0.002 cpu_ms=0.052 fallback_uploads=0 array_uploads=0 upload_mib=0.000 gpu_bake_passes=0
aowis.map.rhi.globe.heatmap.performance: revision=2 visible_tiles=150 dirty_tiles=2 raster_calls=2 content_tiles=0 candidate_markers=0 marker_tile_pairs=0 raster_ms=0.002 cpu_ms=0.041 fallback_uploads=0 array_uploads=0 upload_mib=0.000 gpu_bake_passes=0
aowis.map.rhi.globe.heatmap.performance: revision=2 visible_tiles=151 dirty_tiles=5 raster_calls=5 content_tiles=0 candidate_markers=0 marker_tile_pairs=0 raster_ms=0.003 cpu_ms=0.046 fallback_uploads=0 array_uploads=0 upload_mib=0.000 gpu_bake_passes=0
aowis.map.rhi.globe.heatmap.performance: revision=2 visible_tiles=154 dirty_tiles=5 raster_calls=5 content_tiles=0 candidate_markers=0 marker_tile_pairs=0 raster_ms=0.005 cpu_ms=0.065 fallback_uploads=0 array_uploads=0 upload_mib=0.000 gpu_bake_passes=0
aowis.map.rhi.globe.heatmap.performance: revision=2 visible_tiles=164 dirty_tiles=16 raster_calls=16 content_tiles=0 candidate_markers=0 marker_tile_pairs=0 raster_ms=0.016 cpu_ms=0.114 fallback_uploads=0 array_uploads=0 upload_mib=0.000 gpu_bake_passes=0
aowis.map.rhi.globe.heatmap.performance: revision=2 visible_tiles=174 dirty_tiles=16 raster_calls=16 content_tiles=0 candidate_markers=0 marker_tile_pairs=0 raster_ms=0.010 cpu_ms=0.082 fallback_uploads=0 array_uploads=0 upload_mib=0.000 gpu_bake_passes=0
aowis.map.rhi.globe.heatmap.performance: revision=2 visible_tiles=185 dirty_tiles=16 raster_calls=16 content_tiles=0 candidate_markers=0 marker_tile_pairs=0 raster_ms=0.015 cpu_ms=0.109 fallback_uploads=0 array_uploads=0 upload_mib=0.000 gpu_bake_passes=0
aowis.map.rhi.globe.heatmap.performance: revision=2 visible_tiles=187 dirty_tiles=8 raster_calls=8 content_tiles=0 candidate_markers=0 marker_tile_pairs=0 raster_ms=0.008 cpu_ms=0.079 fallback_uploads=0 array_uploads=0 upload_mib=0.000 gpu_bake_passes=0
aowis.map.rhi.globe.heatmap.performance: revision=2 visible_tiles=198 dirty_tiles=16 raster_calls=16 content_tiles=0 candidate_markers=0 marker_tile_pairs=0 raster_ms=0.009 cpu_ms=0.077 fallback_uploads=0 array_uploads=0 upload_mib=0.000 gpu_bake_passes=0
aowis.map.rhi.globe.heatmap.performance: revision=2 visible_tiles=204 dirty_tiles=12 raster_calls=12 content_tiles=0 candidate_markers=0 marker_tile_pairs=0 raster_ms=0.006 cpu_ms=0.071 fallback_uploads=0 array_uploads=0 upload_mib=0.000 gpu_bake_passes=0
aowis.map.rhi.globe.heatmap.performance: revision=2 visible_tiles=216 dirty_tiles=16 raster_calls=16 content_tiles=0 candidate_markers=0 marker_tile_pairs=0 raster_ms=0.008 cpu_ms=0.075 fallback_uploads=0 array_uploads=0 upload_mib=0.000 gpu_bake_passes=0
aowis.map.rhi.globe.heatmap.performance: revision=2 visible_tiles=221 dirty_tiles=8 raster_calls=8 content_tiles=0 candidate_markers=0 marker_tile_pairs=0 raster_ms=0.005 cpu_ms=0.070 fallback_uploads=0 array_uploads=0 upload_mib=0.000 gpu_bake_passes=0
aowis.map.rhi.globe.heatmap.performance: revision=2 visible_tiles=223 dirty_tiles=4 raster_calls=4 content_tiles=0 candidate_markers=0 marker_tile_pairs=0 raster_ms=0.003 cpu_ms=0.060 fallback_uploads=0 array_uploads=0 upload_mib=0.000 gpu_bake_passes=0
aowis.map.rhi.globe.heatmap.performance: revision=2 visible_tiles=234 dirty_tiles=20 raster_calls=20 content_tiles=0 candidate_markers=0 marker_tile_pairs=0 raster_ms=0.014 cpu_ms=0.100 fallback_uploads=0 array_uploads=0 upload_mib=0.000 gpu_bake_passes=0
aowis.map.rhi.globe.heatmap.performance: revision=2 visible_tiles=241 dirty_tiles=12 raster_calls=12 content_tiles=0 candidate_markers=0 marker_tile_pairs=0 raster_ms=0.007 cpu_ms=0.083 fallback_uploads=0 array_uploads=0 upload_mib=0.000 gpu_bake_passes=0
aowis.map.rhi.globe.heatmap.performance: revision=2 visible_tiles=249 dirty_tiles=14 raster_calls=14 content_tiles=0 candidate_markers=0 marker_tile_pairs=0 raster_ms=0.009 cpu_ms=0.093 fallback_uploads=0 array_uploads=0 upload_mib=0.000 gpu_bake_passes=0
aowis.map.rhi.globe.heatmap.performance: revision=2 visible_tiles=250 dirty_tiles=4 raster_calls=4 content_tiles=0 candidate_markers=0 marker_tile_pairs=0 raster_ms=0.003 cpu_ms=0.075 fallback_uploads=0 array_uploads=0 upload_mib=0.000 gpu_bake_passes=0
aowis.map.rhi.globe.heatmap.performance: revision=2 visible_tiles=252 dirty_tiles=4 raster_calls=4 content_tiles=0 candidate_markers=0 marker_tile_pairs=0 raster_ms=0.003 cpu_ms=0.084 fallback_uploads=0 array_uploads=0 upload_mib=0.000 gpu_bake_passes=0
aowis.map.rhi.globe.heatmap.performance: revision=2 visible_tiles=253 dirty_tiles=4 raster_calls=4 content_tiles=0 candidate_markers=0 marker_tile_pairs=0 raster_ms=0.003 cpu_ms=0.066 fallback_uploads=0 array_uploads=0 upload_mib=0.000 gpu_bake_passes=0
aowis.map.rhi.globe.heatmap.performance: revision=2 visible_tiles=265 dirty_tiles=20 raster_calls=20 content_tiles=0 candidate_markers=0 marker_tile_pairs=0 raster_ms=0.010 cpu_ms=0.096 fallback_uploads=0 array_uploads=0 upload_mib=0.000 gpu_bake_passes=0
aowis.map.rhi.globe.heatmap.performance: revision=2 visible_tiles=267 dirty_tiles=4 raster_calls=4 content_tiles=0 candidate_markers=0 marker_tile_pairs=0 raster_ms=0.002 cpu_ms=0.063 fallback_uploads=0 array_uploads=0 upload_mib=0.000 gpu_bake_passes=0
aowis.map.rhi.globe.heatmap.performance: revision=2 visible_tiles=272 dirty_tiles=12 raster_calls=12 content_tiles=0 candidate_markers=0 marker_tile_pairs=0 raster_ms=0.008 cpu_ms=0.089 fallback_uploads=0 array_uploads=0 upload_mib=0.000 gpu_bake_passes=0
aowis.map.rhi.globe.heatmap.performance: revision=2 visible_tiles=283 dirty_tiles=16 raster_calls=16 content_tiles=0 candidate_markers=0 marker_tile_pairs=0 raster_ms=0.012 cpu_ms=0.108 fallback_uploads=0 array_uploads=0 upload_mib=0.000 gpu_bake_passes=0
aowis.map.rhi.globe.heatmap.performance: revision=2 visible_tiles=284 dirty_tiles=4 raster_calls=4 content_tiles=0 candidate_markers=0 marker_tile_pairs=0 raster_ms=0.002 cpu_ms=0.081 fallback_uploads=0 array_uploads=0 upload_mib=0.000 gpu_bake_passes=0
aowis.map.rhi.globe.heatmap.performance: revision=2 visible_tiles=285 dirty_tiles=4 raster_calls=4 content_tiles=0 candidate_markers=0 marker_tile_pairs=0 raster_ms=0.003 cpu_ms=0.079 fallback_uploads=0 array_uploads=0 upload_mib=0.000 gpu_bake_passes=0
aowis.map.rhi.globe.heatmap.performance: revision=2 visible_tiles=292 dirty_tiles=12 raster_calls=12 content_tiles=0 candidate_markers=0 marker_tile_pairs=0 raster_ms=0.006 cpu_ms=0.089 fallback_uploads=0 array_uploads=0 upload_mib=0.000 gpu_bake_passes=0
aowis.map.rhi.globe.heatmap.performance: revision=2 visible_tiles=293 dirty_tiles=4 raster_calls=4 content_tiles=0 candidate_markers=0 marker_tile_pairs=0 raster_ms=0.004 cpu_ms=0.092 fallback_uploads=0 array_uploads=0 upload_mib=0.000 gpu_bake_passes=0
aowis.map.rhi.globe.heatmap.performance: revision=2 visible_tiles=292 dirty_tiles=12 raster_calls=12 content_tiles=0 candidate_markers=0 marker_tile_pairs=0 raster_ms=0.005 cpu_ms=0.074 fallback_uploads=0 array_uploads=0 upload_mib=0.000 gpu_bake_passes=0
aowis.map.rhi.globe.heatmap.performance: revision=2 visible_tiles=300 dirty_tiles=12 raster_calls=12 content_tiles=0 candidate_markers=0 marker_tile_pairs=0 raster_ms=0.005 cpu_ms=0.154 fallback_uploads=0 array_uploads=0 upload_mib=0.000 gpu_bake_passes=0
aowis.map.rhi.globe.heatmap.performance: revision=2 visible_tiles=313 dirty_tiles=20 raster_calls=20 content_tiles=0 candidate_markers=0 marker_tile_pairs=0 raster_ms=0.015 cpu_ms=0.130 fallback_uploads=0 array_uploads=0 upload_mib=0.000 gpu_bake_passes=0
aowis.map.rhi.globe.heatmap.performance: revision=2 visible_tiles=332 dirty_tiles=29 raster_calls=29 content_tiles=0 candidate_markers=0 marker_tile_pairs=0 raster_ms=0.018 cpu_ms=0.141 fallback_uploads=0 array_uploads=0 upload_mib=0.000 gpu_bake_passes=0
aowis.map.rhi.globe.heatmap.performance: revision=2 visible_tiles=349 dirty_tiles=24 raster_calls=24 content_tiles=0 candidate_markers=0 marker_tile_pairs=0 raster_ms=0.017 cpu_ms=0.151 fallback_uploads=0 array_uploads=0 upload_mib=0.000 gpu_bake_passes=0
aowis.map.rhi.globe.heatmap.performance: revision=2 visible_tiles=364 dirty_tiles=24 raster_calls=24 content_tiles=0 candidate_markers=0 marker_tile_pairs=0 raster_ms=0.013 cpu_ms=0.135 fallback_uploads=0 array_uploads=0 upload_mib=0.000 gpu_bake_passes=0
aowis.map.rhi.globe.heatmap.performance: revision=2 visible_tiles=373 dirty_tiles=17 raster_calls=17 content_tiles=0 candidate_markers=0 marker_tile_pairs=0 raster_ms=0.009 cpu_ms=0.134 fallback_uploads=0 array_uploads=0 upload_mib=0.000 gpu_bake_passes=0
aowis.map.rhi.globe.heatmap.performance: revision=2 visible_tiles=384 dirty_tiles=24 raster_calls=24 content_tiles=0 candidate_markers=0 marker_tile_pairs=0 raster_ms=0.015 cpu_ms=0.145 fallback_uploads=0 array_uploads=0 upload_mib=0.000 gpu_bake_passes=0
aowis.map.rhi.globe.heatmap.performance: revision=2 visible_tiles=385 dirty_tiles=8 raster_calls=8 content_tiles=0 candidate_markers=0 marker_tile_pairs=0 raster_ms=0.005 cpu_ms=0.122 fallback_uploads=0 array_uploads=0 upload_mib=0.000 gpu_bake_passes=0
aowis.map.rhi.globe.heatmap.performance: revision=2 visible_tiles=400 dirty_tiles=25 raster_calls=25 content_tiles=0 candidate_markers=0 marker_tile_pairs=0 raster_ms=0.014 cpu_ms=0.145 fallback_uploads=0 array_uploads=0 upload_mib=0.000 gpu_bake_passes=0
aowis.map.rhi.globe.heatmap.performance: revision=2 visible_tiles=402 dirty_tiles=12 raster_calls=12 content_tiles=0 candidate_markers=0 marker_tile_pairs=0 raster_ms=0.008 cpu_ms=0.130 fallback_uploads=0 array_uploads=0 upload_mib=0.000 gpu_bake_passes=0
aowis.map.rhi.globe.heatmap.performance: revision=2 visible_tiles=408 dirty_tiles=16 raster_calls=16 content_tiles=0 candidate_markers=0 marker_tile_pairs=0 raster_ms=0.014 cpu_ms=0.181 fallback_uploads=0 array_uploads=0 upload_mib=0.000 gpu_bake_passes=0
aowis.map.rhi.globe.heatmap.performance: revision=2 visible_tiles=414 dirty_tiles=20 raster_calls=20 content_tiles=0 candidate_markers=0 marker_tile_pairs=0 raster_ms=0.014 cpu_ms=0.152 fallback_uploads=0 array_uploads=0 upload_mib=0.000 gpu_bake_passes=0
aowis.map.rhi.globe.heatmap.performance: revision=2 visible_tiles=414 dirty_tiles=6 raster_calls=6 content_tiles=0 candidate_markers=0 marker_tile_pairs=0 raster_ms=0.004 cpu_ms=0.120 fallback_uploads=0 array_uploads=0 upload_mib=0.000 gpu_bake_passes=0
aowis.map.rhi.globe.heatmap.performance: revision=2 visible_tiles=418 dirty_tiles=8 raster_calls=8 content_tiles=0 candidate_markers=0 marker_tile_pairs=0 raster_ms=0.006 cpu_ms=0.135 fallback_uploads=0 array_uploads=0 upload_mib=0.000 gpu_bake_passes=0
aowis.map.rhi.globe.heatmap.performance: revision=2 visible_tiles=421 dirty_tiles=8 raster_calls=8 content_tiles=0 candidate_markers=0 marker_tile_pairs=0 raster_ms=0.005 cpu_ms=0.141 fallback_uploads=0 array_uploads=0 upload_mib=0.000 gpu_bake_passes=0
aowis.map.rhi.globe.heatmap.performance: revision=2 visible_tiles=425 dirty_tiles=12 raster_calls=12 content_tiles=0 candidate_markers=0 marker_tile_pairs=0 raster_ms=0.008 cpu_ms=0.139 fallback_uploads=0 array_uploads=0 upload_mib=0.000 gpu_bake_passes=0
aowis.map.rhi.globe.heatmap.performance: revision=2 visible_tiles=432 dirty_tiles=12 raster_calls=12 content_tiles=0 candidate_markers=0 marker_tile_pairs=0 raster_ms=0.007 cpu_ms=0.134 fallback_uploads=0 array_uploads=0 upload_mib=0.000 gpu_bake_passes=0
aowis.map.rhi.globe.heatmap.performance: revision=2 visible_tiles=440 dirty_tiles=16 raster_calls=16 content_tiles=0 candidate_markers=0 marker_tile_pairs=0 raster_ms=0.016 cpu_ms=0.173 fallback_uploads=0 array_uploads=0 upload_mib=0.000 gpu_bake_passes=0
aowis.map.rhi.globe.heatmap.performance: revision=2 visible_tiles=445 dirty_tiles=14 raster_calls=14 content_tiles=0 candidate_markers=0 marker_tile_pairs=0 raster_ms=0.012 cpu_ms=0.181 fallback_uploads=0 array_uploads=0 upload_mib=0.000 gpu_bake_passes=0
aowis.map.rhi.globe.heatmap.performance: revision=2 visible_tiles=449 dirty_tiles=8 raster_calls=8 content_tiles=0 candidate_markers=0 marker_tile_pairs=0 raster_ms=0.008 cpu_ms=0.379 fallback_uploads=0 array_uploads=0 upload_mib=0.000 gpu_bake_passes=0
aowis.map.rhi.globe.heatmap.performance: revision=2 visible_tiles=451 dirty_tiles=12 raster_calls=12 content_tiles=0 candidate_markers=0 marker_tile_pairs=0 raster_ms=0.011 cpu_ms=0.175 fallback_uploads=0 array_uploads=0 upload_mib=0.000 gpu_bake_passes=0
aowis.map.rhi.globe.heatmap.performance: revision=2 visible_tiles=443 dirty_tiles=12 raster_calls=12 content_tiles=0 candidate_markers=0 marker_tile_pairs=0 raster_ms=0.010 cpu_ms=0.181 fallback_uploads=0 array_uploads=0 upload_mib=0.000 gpu_bake_passes=0
Globe terrain tiles use an orthometric EGM vertical datum; using it directly as local ellipsoid-normal displacement until the terrain service exposes WGS84-ellipsoid tile heights.
aowis.map.rhi.globe.heatmap.performance: revision=2 visible_tiles=449 dirty_tiles=28 raster_calls=28 content_tiles=0 candidate_markers=0 marker_tile_pairs=0 raster_ms=0.051 cpu_ms=0.261 fallback_uploads=0 array_uploads=0 upload_mib=0.000 gpu_bake_passes=0
aowis.map.rhi.globe.heatmap.performance: revision=2 visible_tiles=452 dirty_tiles=37 raster_calls=37 content_tiles=0 candidate_markers=0 marker_tile_pairs=0 raster_ms=0.028 cpu_ms=0.223 fallback_uploads=0 array_uploads=0 upload_mib=0.000 gpu_bake_passes=0
aowis.map.rhi.globe.heatmap.performance: revision=2 visible_tiles=425 dirty_tiles=17 raster_calls=17 content_tiles=0 candidate_markers=0 marker_tile_pairs=0 raster_ms=0.010 cpu_ms=0.140 fallback_uploads=0 array_uploads=0 upload_mib=0.000 gpu_bake_passes=0
aowis.map.rhi.globe.heatmap.performance: revision=2 visible_tiles=421 dirty_tiles=32 raster_calls=32 content_tiles=0 candidate_markers=0 marker_tile_pairs=0 raster_ms=0.025 cpu_ms=0.203 fallback_uploads=0 array_uploads=0 upload_mib=0.000 gpu_bake_passes=0
aowis.map.rhi.globe.heatmap.performance: revision=2 visible_tiles=390 dirty_tiles=16 raster_calls=16 content_tiles=0 candidate_markers=0 marker_tile_pairs=0 raster_ms=0.009 cpu_ms=0.127 fallback_uploads=0 array_uploads=0 upload_mib=0.000 gpu_bake_passes=0
aowis.map.rhi.globe.heatmap.performance: revision=2 visible_tiles=376 dirty_tiles=20 raster_calls=20 content_tiles=0 candidate_markers=0 marker_tile_pairs=0 raster_ms=0.012 cpu_ms=0.140 fallback_uploads=0 array_uploads=0 upload_mib=0.000 gpu_bake_passes=0
aowis.map.rhi.globe.heatmap.performance: revision=2 visible_tiles=360 dirty_tiles=16 raster_calls=16 content_tiles=0 candidate_markers=0 marker_tile_pairs=0 raster_ms=0.012 cpu_ms=0.128 fallback_uploads=0 array_uploads=0 upload_mib=0.000 gpu_bake_passes=0
aowis.map.rhi.globe.heatmap.performance: revision=2 visible_tiles=354 dirty_tiles=16 raster_calls=16 content_tiles=0 candidate_markers=0 marker_tile_pairs=0 raster_ms=0.013 cpu_ms=0.141 fallback_uploads=0 array_uploads=0 upload_mib=0.000 gpu_bake_passes=0
aowis.map.rhi.globe.heatmap.performance: revision=2 visible_tiles=343 dirty_tiles=16 raster_calls=16 content_tiles=0 candidate_markers=0 marker_tile_pairs=0 raster_ms=0.011 cpu_ms=0.150 fallback_uploads=0 array_uploads=0 upload_mib=0.000 gpu_bake_passes=0
aowis.map.rhi.globe.heatmap.performance: revision=2 visible_tiles=331 dirty_tiles=4 raster_calls=4 content_tiles=0 candidate_markers=0 marker_tile_pairs=0 raster_ms=0.005 cpu_ms=0.138 fallback_uploads=0 array_uploads=0 upload_mib=0.000 gpu_bake_passes=0
aowis.map.rhi.globe.heatmap.performance: revision=2 visible_tiles=337 dirty_tiles=26 raster_calls=26 content_tiles=0 candidate_markers=0 marker_tile_pairs=0 raster_ms=0.018 cpu_ms=0.144 fallback_uploads=0 array_uploads=0 upload_mib=0.000 gpu_bake_passes=0
aowis.map.rhi.globe.heatmap.performance: revision=2 visible_tiles=333 dirty_tiles=16 raster_calls=16 content_tiles=0 candidate_markers=0 marker_tile_pairs=0 raster_ms=0.010 cpu_ms=0.136 fallback_uploads=0 array_uploads=0 upload_mib=0.000 gpu_bake_passes=0
aowis.map.rhi.globe.heatmap.performance: revision=2 visible_tiles=328 dirty_tiles=12 raster_calls=12 content_tiles=0 candidate_markers=0 marker_tile_pairs=0 raster_ms=0.006 cpu_ms=0.102 fallback_uploads=0 array_uploads=0 upload_mib=0.000 gpu_bake_passes=0
aowis.map.rhi.globe.heatmap.performance: revision=2 visible_tiles=320 dirty_tiles=4 raster_calls=4 content_tiles=0 candidate_markers=0 marker_tile_pairs=0 raster_ms=0.005 cpu_ms=0.095 fallback_uploads=0 array_uploads=0 upload_mib=0.000 gpu_bake_passes=0
aowis.map.rhi.globe.heatmap.performance: revision=2 visible_tiles=312 dirty_tiles=4 raster_calls=4 content_tiles=0 candidate_markers=0 marker_tile_pairs=0 raster_ms=0.003 cpu_ms=0.112 fallback_uploads=0 array_uploads=0 upload_mib=0.000 gpu_bake_passes=0
aowis.map.rhi.globe.heatmap.performance: revision=2 visible_tiles=309 dirty_tiles=4 raster_calls=4 content_tiles=0 candidate_markers=0 marker_tile_pairs=0 raster_ms=0.003 cpu_ms=0.100 fallback_uploads=0 array_uploads=0 upload_mib=0.000 gpu_bake_passes=0
aowis.map.rhi.globe.heatmap.performance: revision=2 visible_tiles=306 dirty_tiles=12 raster_calls=12 content_tiles=0 candidate_markers=0 marker_tile_pairs=0 raster_ms=0.009 cpu_ms=0.105 fallback_uploads=0 array_uploads=0 upload_mib=0.000 gpu_bake_passes=0
aowis.map.rhi.globe.heatmap.performance: revision=2 visible_tiles=300 dirty_tiles=9 raster_calls=9 content_tiles=0 candidate_markers=0 marker_tile_pairs=0 raster_ms=0.007 cpu_ms=0.122 fallback_uploads=0 array_uploads=0 upload_mib=0.000 gpu_bake_passes=0
aowis.map.rhi.globe.heatmap.performance: revision=2 visible_tiles=294 dirty_tiles=5 raster_calls=5 content_tiles=0 candidate_markers=0 marker_tile_pairs=0 raster_ms=0.004 cpu_ms=0.098 fallback_uploads=0 array_uploads=0 upload_mib=0.000 gpu_bake_passes=0
aowis.map.rhi.globe.heatmap.performance: revision=2 visible_tiles=284 dirty_tiles=4 raster_calls=4 content_tiles=0 candidate_markers=0 marker_tile_pairs=0 raster_ms=0.003 cpu_ms=0.097 fallback_uploads=0 array_uploads=0 upload_mib=0.000 gpu_bake_passes=0
aowis.map.rhi.globe.heatmap.performance: revision=2 visible_tiles=283 dirty_tiles=20 raster_calls=20 content_tiles=0 candidate_markers=0 marker_tile_pairs=0 raster_ms=0.044 cpu_ms=0.175 fallback_uploads=0 array_uploads=0 upload_mib=0.000 gpu_bake_passes=0
aowis.map.rhi.globe.heatmap.performance: revision=2 visible_tiles=296 dirty_tiles=35 raster_calls=35 content_tiles=0 candidate_markers=0 marker_tile_pairs=0 raster_ms=0.053 cpu_ms=0.250 fallback_uploads=0 array_uploads=0 upload_mib=0.000 gpu_bake_passes=0
aowis.map.rhi.globe.heatmap.performance: revision=2 visible_tiles=287 dirty_tiles=12 raster_calls=12 content_tiles=0 candidate_markers=0 marker_tile_pairs=0 raster_ms=0.022 cpu_ms=0.194 fallback_uploads=0 array_uploads=0 upload_mib=0.000 gpu_bake_passes=0
aowis.map.rhi.globe.heatmap.performance: revision=2 visible_tiles=296 dirty_tiles=32 raster_calls=32 content_tiles=0 candidate_markers=0 marker_tile_pairs=0 raster_ms=0.044 cpu_ms=0.248 fallback_uploads=0 array_uploads=0 upload_mib=0.000 gpu_bake_passes=0
aowis.map.rhi.globe.heatmap.performance: revision=2 visible_tiles=291 dirty_tiles=20 raster_calls=20 content_tiles=0 candidate_markers=0 marker_tile_pairs=0 raster_ms=0.026 cpu_ms=0.226 fallback_uploads=0 array_uploads=0 upload_mib=0.000 gpu_bake_passes=0
aowis.map.rhi.globe.heatmap.performance: revision=2 visible_tiles=286 dirty_tiles=12 raster_calls=12 content_tiles=0 candidate_markers=0 marker_tile_pairs=0 raster_ms=0.020 cpu_ms=1.284 fallback_uploads=0 array_uploads=0 upload_mib=0.000 gpu_bake_passes=0
Terrain tile request failed: "terrain/v1/copernicus-glo30/8/66/107" "http://aowis-server-map.localhost:80/terrain/v1/copernicus-glo30/8/66/107.aowterrain: Error transferring http://aowis-server-map.localhost:80/terrain/v1/copernicus-glo30/8/66/107.aowterrain - server replied: Not Found [HTTP 404] Response: Terrain provider has no available source data for this normalized tile and dataset 'copernicus-glo30'"
Terrain tile request failed: "terrain/v1/copernicus-glo30/8/66/107" "http://aowis-server-map.localhost:80/terrain/v1/copernicus-glo30/8/66/107.aowterrain: Error transferring http://aowis-server-map.localhost:80/terrain/v1/copernicus-glo30/8/66/107.aowterrain - server replied: Not Found [HTTP 404] Response: Terrain provider has no available source data for this normalized tile and dataset 'copernicus-glo30'"
Terrain tile request failed: "terrain/v1/copernicus-glo30/8/67/107" "http://aowis-server-map.localhost:80/terrain/v1/copernicus-glo30/8/67/107.aowterrain: Error transferring http://aowis-server-map.localhost:80/terrain/v1/copernicus-glo30/8/67/107.aowterrain - server replied: Not Found [HTTP 404] Response: Terrain provider has no available source data for this normalized tile and dataset 'copernicus-glo30'"
Terrain tile request failed: "terrain/v1/copernicus-glo30/8/67/107" "http://aowis-server-map.localhost:80/terrain/v1/copernicus-glo30/8/67/107.aowterrain: Error transferring http://aowis-server-map.localhost:80/terrain/v1/copernicus-glo30/8/67/107.aowterrain - server replied: Not Found [HTTP 404] Response: Terrain provider has no available source data for this normalized tile and dataset 'copernicus-glo30'"
Terrain tile request failed: "terrain/v1/copernicus-glo30/8/65/107" "http://aowis-server-map.localhost:80/terrain/v1/copernicus-glo30/8/65/107.aowterrain: Error transferring http://aowis-server-map.localhost:80/terrain/v1/copernicus-glo30/8/65/107.aowterrain - server replied: Not Found [HTTP 404] Response: Terrain provider has no available source data for this normalized tile and dataset 'copernicus-glo30'"
Terrain tile request failed: "terrain/v1/copernicus-glo30/8/65/107" "http://aowis-server-map.localhost:80/terrain/v1/copernicus-glo30/8/65/107.aowterrain: Error transferring http://aowis-server-map.localhost:80/terrain/v1/copernicus-glo30/8/65/107.aowterrain - server replied: Not Found [HTTP 404] Response: Terrain provider has no available source data for this normalized tile and dataset 'copernicus-glo30'"
Terrain tile request failed: "terrain/v1/copernicus-glo30/8/72/104" "http://aowis-server-map.localhost:80/terrain/v1/copernicus-glo30/8/72/104.aowterrain: Error transferring http://aowis-server-map.localhost:80/terrain/v1/copernicus-glo30/8/72/104.aowterrain - server replied: Not Found [HTTP 404] Response: Terrain provider has no available source data for this normalized tile and dataset 'copernicus-glo30'"
Terrain tile request failed: "terrain/v1/copernicus-glo30/8/72/104" "http://aowis-server-map.localhost:80/terrain/v1/copernicus-glo30/8/72/104.aowterrain: Error transferring http://aowis-server-map.localhost:80/terrain/v1/copernicus-glo30/8/72/104.aowterrain - server replied: Not Found [HTTP 404] Response: Terrain provider has no available source data for this normalized tile and dataset 'copernicus-glo30'"
aowis.map.rhi.globe.heatmap.performance: revision=2 visible_tiles=283 dirty_tiles=12 raster_calls=12 content_tiles=0 candidate_markers=0 marker_tile_pairs=0 raster_ms=0.019 cpu_ms=0.243 fallback_uploads=0 array_uploads=0 upload_mib=0.000 gpu_bake_passes=0
Terrain tile request failed: "terrain/v1/copernicus-glo30/8/75/99" "http://aowis-server-map.localhost:80/terrain/v1/copernicus-glo30/8/75/99.aowterrain: Error transferring http://aowis-server-map.localhost:80/terrain/v1/copernicus-glo30/8/75/99.aowterrain - server replied: Not Found [HTTP 404] Response: Terrain provider has no available source data for this normalized tile and dataset 'copernicus-glo30'"
Terrain tile request failed: "terrain/v1/copernicus-glo30/8/75/99" "http://aowis-server-map.localhost:80/terrain/v1/copernicus-glo30/8/75/99.aowterrain: Error transferring http://aowis-server-map.localhost:80/terrain/v1/copernicus-glo30/8/75/99.aowterrain - server replied: Not Found [HTTP 404] Response: Terrain provider has no available source data for this normalized tile and dataset 'copernicus-glo30'"
aowis.map.rhi.globe.heatmap.performance: revision=2 visible_tiles=284 dirty_tiles=20 raster_calls=20 content_tiles=0 candidate_markers=0 marker_tile_pairs=0 raster_ms=0.062 cpu_ms=0.225 fallback_uploads=0 array_uploads=0 upload_mib=0.000 gpu_bake_passes=0
Terrain tile request failed: "terrain/v1/copernicus-glo30/8/75/100" "http://aowis-server-map.localhost:80/terrain/v1/copernicus-glo30/8/75/100.aowterrain: Error transferring http://aowis-server-map.localhost:80/terrain/v1/copernicus-glo30/8/75/100.aowterrain - server replied: Not Found [HTTP 404] Response: Terrain provider has no available source data for this normalized tile and dataset 'copernicus-glo30'"
Terrain tile request failed: "terrain/v1/copernicus-glo30/8/75/100" "http://aowis-server-map.localhost:80/terrain/v1/copernicus-glo30/8/75/100.aowterrain: Error transferring http://aowis-server-map.localhost:80/terrain/v1/copernicus-glo30/8/75/100.aowterrain - server replied: Not Found [HTTP 404] Response: Terrain provider has no available source data for this normalized tile and dataset 'copernicus-glo30'"
aowis.map.rhi.globe.heatmap.performance: revision=2 visible_tiles=299 dirty_tiles=28 raster_calls=28 content_tiles=0 candidate_markers=0 marker_tile_pairs=0 raster_ms=0.037 cpu_ms=0.229 fallback_uploads=0 array_uploads=0 upload_mib=0.000 gpu_bake_passes=0
Terrain tile request failed: "terrain/v1/copernicus-glo30/8/73/104" "http://aowis-server-map.localhost:80/terrain/v1/copernicus-glo30/8/73/104.aowterrain: Error transferring http://aowis-server-map.localhost:80/terrain/v1/copernicus-glo30/8/73/104.aowterrain - server replied: Not Found [HTTP 404] Response: Terrain provider has no available source data for this normalized tile and dataset 'copernicus-glo30'"
Terrain tile request failed: "terrain/v1/copernicus-glo30/8/73/104" "http://aowis-server-map.localhost:80/terrain/v1/copernicus-glo30/8/73/104.aowterrain: Error transferring http://aowis-server-map.localhost:80/terrain/v1/copernicus-glo30/8/73/104.aowterrain - server replied: Not Found [HTTP 404] Response: Terrain provider has no available source data for this normalized tile and dataset 'copernicus-glo30'"
Terrain tile request failed: "terrain/v1/copernicus-glo30/8/75/101" "http://aowis-server-map.localhost:80/terrain/v1/copernicus-glo30/8/75/101.aowterrain: Error transferring http://aowis-server-map.localhost:80/terrain/v1/copernicus-glo30/8/75/101.aowterrain - server replied: Not Found [HTTP 404] Response: Terrain provider has no available source data for this normalized tile and dataset 'copernicus-glo30'"
Terrain tile request failed: "terrain/v1/copernicus-glo30/8/75/101" "http://aowis-server-map.localhost:80/terrain/v1/copernicus-glo30/8/75/101.aowterrain: Error transferring http://aowis-server-map.localhost:80/terrain/v1/copernicus-glo30/8/75/101.aowterrain - server replied: Not Found [HTTP 404] Response: Terrain provider has no available source data for this normalized tile and dataset 'copernicus-glo30'"
Terrain tile request failed: "terrain/v1/copernicus-glo30/8/72/105" "http://aowis-server-map.localhost:80/terrain/v1/copernicus-glo30/8/72/105.aowterrain: Error transferring http://aowis-server-map.localhost:80/terrain/v1/copernicus-glo30/8/72/105.aowterrain - server replied: Not Found [HTTP 404] Response: Terrain provider has no available source data for this normalized tile and dataset 'copernicus-glo30'"
Terrain tile request failed: "terrain/v1/copernicus-glo30/8/72/105" "http://aowis-server-map.localhost:80/terrain/v1/copernicus-glo30/8/72/105.aowterrain: Error transferring http://aowis-server-map.localhost:80/terrain/v1/copernicus-glo30/8/72/105.aowterrain - server replied: Not Found [HTTP 404] Response: Terrain provider has no available source data for this normalized tile and dataset 'copernicus-glo30'"
aowis.map.rhi.globe.heatmap.performance: revision=2 visible_tiles=298 dirty_tiles=16 raster_calls=16 content_tiles=0 candidate_markers=0 marker_tile_pairs=0 raster_ms=0.021 cpu_ms=0.155 fallback_uploads=0 array_uploads=0 upload_mib=0.000 gpu_bake_passes=0
aowis.map.rhi.globe.heatmap.performance: revision=2 visible_tiles=291 dirty_tiles=4 raster_calls=4 content_tiles=0 candidate_markers=0 marker_tile_pairs=0 raster_ms=0.006 cpu_ms=0.121 fallback_uploads=0 array_uploads=0 upload_mib=0.000 gpu_bake_passes=0
aowis.map.rhi.globe.heatmap.performance: revision=2 visible_tiles=290 dirty_tiles=8 raster_calls=8 content_tiles=0 candidate_markers=0 marker_tile_pairs=0 raster_ms=0.011 cpu_ms=0.131 fallback_uploads=0 array_uploads=0 upload_mib=0.000 gpu_bake_passes=0
Terrain tile request failed: "terrain/v1/copernicus-glo30/8/73/105" "http://aowis-server-map.localhost:80/terrain/v1/copernicus-glo30/8/73/105.aowterrain: Error transferring http://aowis-server-map.localhost:80/terrain/v1/copernicus-glo30/8/73/105.aowterrain - server replied: Not Found [HTTP 404] Response: Terrain provider has no available source data for this normalized tile and dataset 'copernicus-glo30'"
Terrain tile request failed: "terrain/v1/copernicus-glo30/8/73/105" "http://aowis-server-map.localhost:80/terrain/v1/copernicus-glo30/8/73/105.aowterrain: Error transferring http://aowis-server-map.localhost:80/terrain/v1/copernicus-glo30/8/73/105.aowterrain - server replied: Not Found [HTTP 404] Response: Terrain provider has no available source data for this normalized tile and dataset 'copernicus-glo30'"
aowis.map.rhi.globe.heatmap.performance: revision=2 visible_tiles=293 dirty_tiles=8 raster_calls=8 content_tiles=0 candidate_markers=0 marker_tile_pairs=0 raster_ms=0.011 cpu_ms=0.174 fallback_uploads=0 array_uploads=0 upload_mib=0.000 gpu_bake_passes=0
Terrain tile request failed: "terrain/v1/copernicus-glo30/8/75/102" "http://aowis-server-map.localhost:80/terrain/v1/copernicus-glo30/8/75/102.aowterrain: Error transferring http://aowis-server-map.localhost:80/terrain/v1/copernicus-glo30/8/75/102.aowterrain - server replied: Not Found [HTTP 404] Response: Terrain provider has no available source data for this normalized tile and dataset 'copernicus-glo30'"
Terrain tile request failed: "terrain/v1/copernicus-glo30/8/75/102" "http://aowis-server-map.localhost:80/terrain/v1/copernicus-glo30/8/75/102.aowterrain: Error transferring http://aowis-server-map.localhost:80/terrain/v1/copernicus-glo30/8/75/102.aowterrain - server replied: Not Found [HTTP 404] Response: Terrain provider has no available source data for this normalized tile and dataset 'copernicus-glo30'"
aowis.map.rhi.globe.heatmap.performance: revision=2 visible_tiles=296 dirty_tiles=20 raster_calls=20 content_tiles=0 candidate_markers=0 marker_tile_pairs=0 raster_ms=0.038 cpu_ms=0.185 fallback_uploads=0 array_uploads=0 upload_mib=0.000 gpu_bake_passes=0
aowis.map.rhi.globe.heatmap.performance: revision=2 visible_tiles=294 dirty_tiles=7 raster_calls=7 content_tiles=0 candidate_markers=0 marker_tile_pairs=0 raster_ms=0.013 cpu_ms=0.204 fallback_uploads=0 array_uploads=0 upload_mib=0.000 gpu_bake_passes=0
Terrain tile request failed: "terrain/v1/copernicus-glo30/8/62/107" "http://aowis-server-map.localhost:80/terrain/v1/copernicus-glo30/8/62/107.aowterrain: Error transferring http://aowis-server-map.localhost:80/terrain/v1/copernicus-glo30/8/62/107.aowterrain - server replied: Not Found [HTTP 404] Response: Terrain provider has no available source data for this normalized tile and dataset 'copernicus-glo30'"
Terrain tile request failed: "terrain/v1/copernicus-glo30/8/62/107" "http://aowis-server-map.localhost:80/terrain/v1/copernicus-glo30/8/62/107.aowterrain: Error transferring http://aowis-server-map.localhost:80/terrain/v1/copernicus-glo30/8/62/107.aowterrain - server replied: Not Found [HTTP 404] Response: Terrain provider has no available source data for this normalized tile and dataset 'copernicus-glo30'"
aowis.map.rhi.globe.heatmap.performance: revision=2 visible_tiles=293 dirty_tiles=10 raster_calls=10 content_tiles=0 candidate_markers=0 marker_tile_pairs=0 raster_ms=0.011 cpu_ms=0.124 fallback_uploads=0 array_uploads=0 upload_mib=0.000 gpu_bake_passes=0
Terrain tile request failed: "terrain/v1/copernicus-glo30/8/75/103" "http://aowis-server-map.localhost:80/terrain/v1/copernicus-glo30/8/75/103.aowterrain: Error transferring http://aowis-server-map.localhost:80/terrain/v1/copernicus-glo30/8/75/103.aowterrain - server replied: Not Found [HTTP 404] Response: Terrain provider has no available source data for this normalized tile and dataset 'copernicus-glo30'"
Terrain tile request failed: "terrain/v1/copernicus-glo30/8/75/103" "http://aowis-server-map.localhost:80/terrain/v1/copernicus-glo30/8/75/103.aowterrain: Error transferring http://aowis-server-map.localhost:80/terrain/v1/copernicus-glo30/8/75/103.aowterrain - server replied: Not Found [HTTP 404] Response: Terrain provider has no available source data for this normalized tile and dataset 'copernicus-glo30'"
aowis.map.rhi.globe.heatmap.performance: revision=2 visible_tiles=294 dirty_tiles=10 raster_calls=10 content_tiles=0 candidate_markers=0 marker_tile_pairs=0 raster_ms=0.018 cpu_ms=0.146 fallback_uploads=0 array_uploads=0 upload_mib=0.000 gpu_bake_passes=0
Terrain tile request failed: "terrain/v1/copernicus-glo30/8/74/103" "http://aowis-server-map.localhost:80/terrain/v1/copernicus-glo30/8/74/103.aowterrain: Error transferring http://aowis-server-map.localhost:80/terrain/v1/copernicus-glo30/8/74/103.aowterrain - server replied: Not Found [HTTP 404] Response: Terrain provider has no available source data for this normalized tile and dataset 'copernicus-glo30'"
Terrain tile request failed: "terrain/v1/copernicus-glo30/8/74/103" "http://aowis-server-map.localhost:80/terrain/v1/copernicus-glo30/8/74/103.aowterrain: Error transferring http://aowis-server-map.localhost:80/terrain/v1/copernicus-glo30/8/74/103.aowterrain - server replied: Not Found [HTTP 404] Response: Terrain provider has no available source data for this normalized tile and dataset 'copernicus-glo30'"
aowis.map.rhi.globe.heatmap.performance: revision=2 visible_tiles=283 dirty_tiles=4 raster_calls=4 content_tiles=0 candidate_markers=0 marker_tile_pairs=0 raster_ms=0.007 cpu_ms=0.132 fallback_uploads=0 array_uploads=0 upload_mib=0.000 gpu_bake_passes=0
aowis.map.rhi.globe.heatmap.performance: revision=2 visible_tiles=267 dirty_tiles=3 raster_calls=3 content_tiles=0 candidate_markers=0 marker_tile_pairs=0 raster_ms=0.004 cpu_ms=0.110 fallback_uploads=0 array_uploads=0 upload_mib=0.000 gpu_bake_passes=0
aowis.map.rhi.globe.heatmap.performance: revision=2 visible_tiles=247 dirty_tiles=1 raster_calls=1 content_tiles=0 candidate_markers=0 marker_tile_pairs=0 raster_ms=0.002 cpu_ms=0.069 fallback_uploads=0 array_uploads=0 upload_mib=0.000 gpu_bake_passes=0
Terrain tile request failed: "terrain/v1/copernicus-glo30/8/74/104" "http://aowis-server-map.localhost:80/terrain/v1/copernicus-glo30/8/74/104.aowterrain: Error transferring http://aowis-server-map.localhost:80/terrain/v1/copernicus-glo30/8/74/104.aowterrain - server replied: Not Found [HTTP 404] Response: Terrain provider has no available source data for this normalized tile and dataset 'copernicus-glo30'"
Terrain tile request failed: "terrain/v1/copernicus-glo30/8/74/104" "http://aowis-server-map.localhost:80/terrain/v1/copernicus-glo30/8/74/104.aowterrain: Error transferring http://aowis-server-map.localhost:80/terrain/v1/copernicus-glo30/8/74/104.aowterrain - server replied: Not Found [HTTP 404] Response: Terrain provider has no available source data for this normalized tile and dataset 'copernicus-glo30'"
Terrain tile request failed: "terrain/v1/copernicus-glo30/8/72/106" "http://aowis-server-map.localhost:80/terrain/v1/copernicus-glo30/8/72/106.aowterrain: Error transferring http://aowis-server-map.localhost:80/terrain/v1/copernicus-glo30/8/72/106.aowterrain - server replied: Not Found [HTTP 404] Response: Terrain provider has no available source data for this normalized tile and dataset 'copernicus-glo30'"
Terrain tile request failed: "terrain/v1/copernicus-glo30/8/72/106" "http://aowis-server-map.localhost:80/terrain/v1/copernicus-glo30/8/72/106.aowterrain: Error transferring http://aowis-server-map.localhost:80/terrain/v1/copernicus-glo30/8/72/106.aowterrain - server replied: Not Found [HTTP 404] Response: Terrain provider has no available source data for this normalized tile and dataset 'copernicus-glo30'"
aowis.map.rhi.globe.heatmap.performance: revision=2 visible_tiles=253 dirty_tiles=24 raster_calls=24 content_tiles=0 candidate_markers=0 marker_tile_pairs=0 raster_ms=0.022 cpu_ms=0.133 fallback_uploads=0 array_uploads=0 upload_mib=0.000 gpu_bake_passes=0
aowis.map.rhi.globe.heatmap.performance: revision=2 visible_tiles=252 dirty_tiles=20 raster_calls=20 content_tiles=0 candidate_markers=0 marker_tile_pairs=0 raster_ms=0.018 cpu_ms=0.125 fallback_uploads=0 array_uploads=0 upload_mib=0.000 gpu_bake_passes=0
Terrain tile request failed: "terrain/v1/copernicus-glo30/8/74/102" "http://aowis-server-map.localhost:80/terrain/v1/copernicus-glo30/8/74/102.aowterrain: Error transferring http://aowis-server-map.localhost:80/terrain/v1/copernicus-glo30/8/74/102.aowterrain - server replied: Not Found [HTTP 404] Response: Terrain provider has no available source data for this normalized tile and dataset 'copernicus-glo30'"
Terrain tile request failed: "terrain/v1/copernicus-glo30/8/74/102" "http://aowis-server-map.localhost:80/terrain/v1/copernicus-glo30/8/74/102.aowterrain: Error transferring http://aowis-server-map.localhost:80/terrain/v1/copernicus-glo30/8/74/102.aowterrain - server replied: Not Found [HTTP 404] Response: Terrain provider has no available source data for this normalized tile and dataset 'copernicus-glo30'"
aowis.map.rhi.globe.heatmap.performance: revision=2 visible_tiles=258 dirty_tiles=28 raster_calls=28 content_tiles=0 candidate_markers=0 marker_tile_pairs=0 raster_ms=0.023 cpu_ms=0.133 fallback_uploads=0 array_uploads=0 upload_mib=0.000 gpu_bake_passes=0
aowis.map.rhi.globe.heatmap.performance: revision=2 visible_tiles=258 dirty_tiles=16 raster_calls=16 content_tiles=0 candidate_markers=0 marker_tile_pairs=0 raster_ms=0.011 cpu_ms=0.146 fallback_uploads=0 array_uploads=0 upload_mib=0.000 gpu_bake_passes=0
aowis.map.rhi.globe.heatmap.performance: revision=2 visible_tiles=266 dirty_tiles=24 raster_calls=24 content_tiles=0 candidate_markers=0 marker_tile_pairs=0 raster_ms=0.065 cpu_ms=0.178 fallback_uploads=0 array_uploads=0 upload_mib=0.000 gpu_bake_passes=0
aowis.map.rhi.globe.heatmap.performance: revision=2 visible_tiles=273 dirty_tiles=24 raster_calls=24 content_tiles=0 candidate_markers=0 marker_tile_pairs=0 raster_ms=0.021 cpu_ms=0.153 fallback_uploads=0 array_uploads=0 upload_mib=0.000 gpu_bake_passes=0
aowis.map.rhi.globe.heatmap.performance: revision=2 visible_tiles=275 dirty_tiles=20 raster_calls=20 content_tiles=0 candidate_markers=0 marker_tile_pairs=0 raster_ms=0.014 cpu_ms=0.130 fallback_uploads=0 array_uploads=0 upload_mib=0.000 gpu_bake_passes=0
aowis.map.rhi.globe.heatmap.performance: revision=2 visible_tiles=276 dirty_tiles=12 raster_calls=12 content_tiles=0 candidate_markers=0 marker_tile_pairs=0 raster_ms=0.011 cpu_ms=0.152 fallback_uploads=0 array_uploads=0 upload_mib=0.000 gpu_bake_passes=0
aowis.map.rhi.globe.heatmap.performance: revision=2 visible_tiles=275 dirty_tiles=12 raster_calls=12 content_tiles=0 candidate_markers=0 marker_tile_pairs=0 raster_ms=0.009 cpu_ms=0.128 fallback_uploads=0 array_uploads=0 upload_mib=0.000 gpu_bake_passes=0
aowis.map.rhi.globe.heatmap.performance: revision=2 visible_tiles=285 dirty_tiles=20 raster_calls=20 content_tiles=0 candidate_markers=0 marker_tile_pairs=0 raster_ms=0.010 cpu_ms=0.102 fallback_uploads=0 array_uploads=0 upload_mib=0.000 gpu_bake_passes=0
aowis.map.rhi.globe.heatmap.performance: revision=2 visible_tiles=285 dirty_tiles=12 raster_calls=12 content_tiles=0 candidate_markers=0 marker_tile_pairs=0 raster_ms=0.011 cpu_ms=0.107 fallback_uploads=0 array_uploads=0 upload_mib=0.000 gpu_bake_passes=0
aowis.map.rhi.globe.heatmap.performance: revision=2 visible_tiles=290 dirty_tiles=16 raster_calls=16 content_tiles=0 candidate_markers=0 marker_tile_pairs=0 raster_ms=0.010 cpu_ms=0.114 fallback_uploads=0 array_uploads=0 upload_mib=0.000 gpu_bake_passes=0
aowis.map.rhi.globe.heatmap.performance: revision=2 visible_tiles=299 dirty_tiles=20 raster_calls=20 content_tiles=0 candidate_markers=0 marker_tile_pairs=0 raster_ms=0.012 cpu_ms=0.118 fallback_uploads=0 array_uploads=0 upload_mib=0.000 gpu_bake_passes=0
aowis.map.rhi.globe.heatmap.performance: revision=2 visible_tiles=295 dirty_tiles=8 raster_calls=8 content_tiles=0 candidate_markers=0 marker_tile_pairs=0 raster_ms=0.005 cpu_ms=0.088 fallback_uploads=0 array_uploads=0 upload_mib=0.000 gpu_bake_passes=0
aowis.map.rhi.globe.heatmap.performance: revision=2 visible_tiles=297 dirty_tiles=7 raster_calls=7 content_tiles=0 candidate_markers=0 marker_tile_pairs=0 raster_ms=0.004 cpu_ms=0.091 fallback_uploads=0 array_uploads=0 upload_mib=0.000 gpu_bake_passes=0
aowis.map.rhi.globe.heatmap.performance: revision=2 visible_tiles=289 dirty_tiles=5 raster_calls=5 content_tiles=0 candidate_markers=0 marker_tile_pairs=0 raster_ms=0.003 cpu_ms=0.097 fallback_uploads=0 array_uploads=0 upload_mib=0.000 gpu_bake_passes=0
aowis.map.rhi.globe.heatmap.performance: revision=2 visible_tiles=275 dirty_tiles=2 raster_calls=2 content_tiles=0 candidate_markers=0 marker_tile_pairs=0 raster_ms=0.001 cpu_ms=0.054 fallback_uploads=0 array_uploads=0 upload_mib=0.000 gpu_bake_passes=0
aowis.map.rhi.globe.heatmap.performance: revision=2 visible_tiles=237 dirty_tiles=20 raster_calls=20 content_tiles=0 candidate_markers=0 marker_tile_pairs=0 raster_ms=0.015 cpu_ms=0.116 fallback_uploads=0 array_uploads=0 upload_mib=0.000 gpu_bake_passes=0
aowis.map.rhi.globe.heatmap.performance: revision=2 visible_tiles=240 dirty_tiles=24 raster_calls=24 content_tiles=0 candidate_markers=0 marker_tile_pairs=0 raster_ms=0.016 cpu_ms=0.118 fallback_uploads=0 array_uploads=0 upload_mib=0.000 gpu_bake_passes=0
aowis.map.rhi.globe.heatmap.performance: revision=2 visible_tiles=242 dirty_tiles=20 raster_calls=20 content_tiles=0 candidate_markers=0 marker_tile_pairs=0 raster_ms=0.013 cpu_ms=0.107 fallback_uploads=0 array_uploads=0 upload_mib=0.000 gpu_bake_passes=0
aowis.map.rhi.globe.heatmap.performance: revision=2 visible_tiles=255 dirty_tiles=32 raster_calls=32 content_tiles=0 candidate_markers=0 marker_tile_pairs=0 raster_ms=0.027 cpu_ms=0.206 fallback_uploads=0 array_uploads=0 upload_mib=0.000 gpu_bake_passes=0
aowis.map.rhi.globe.heatmap.performance: revision=2 visible_tiles=253 dirty_tiles=8 raster_calls=8 content_tiles=0 candidate_markers=0 marker_tile_pairs=0 raster_ms=0.008 cpu_ms=0.115 fallback_uploads=0 array_uploads=0 upload_mib=0.000 gpu_bake_passes=0
aowis.map.rhi.globe.heatmap.performance: revision=2 visible_tiles=262 dirty_tiles=28 raster_calls=28 content_tiles=0 candidate_markers=0 marker_tile_pairs=0 raster_ms=0.025 cpu_ms=0.166 fallback_uploads=0 array_uploads=0 upload_mib=0.000 gpu_bake_passes=0
aowis.map.rhi.globe.heatmap.performance: revision=2 visible_tiles=269 dirty_tiles=24 raster_calls=24 content_tiles=0 candidate_markers=0 marker_tile_pairs=0 raster_ms=0.030 cpu_ms=0.222 fallback_uploads=0 array_uploads=0 upload_mib=0.000 gpu_bake_passes=0
aowis.map.rhi.globe.heatmap.performance: revision=2 visible_tiles=269 dirty_tiles=12 raster_calls=12 content_tiles=0 candidate_markers=0 marker_tile_pairs=0 raster_ms=0.012 cpu_ms=0.133 fallback_uploads=0 array_uploads=0 upload_mib=0.000 gpu_bake_passes=0
aowis.map.rhi.globe.heatmap.performance: revision=2 visible_tiles=271 dirty_tiles=12 raster_calls=12 content_tiles=0 candidate_markers=0 marker_tile_pairs=0 raster_ms=0.014 cpu_ms=0.145 fallback_uploads=0 array_uploads=0 upload_mib=0.000 gpu_bake_passes=0
aowis.map.rhi.globe.heatmap.performance: revision=2 visible_tiles=277 dirty_tiles=16 raster_calls=16 content_tiles=0 candidate_markers=0 marker_tile_pairs=0 raster_ms=0.012 cpu_ms=0.136 fallback_uploads=0 array_uploads=0 upload_mib=0.000 gpu_bake_passes=0
aowis.map.rhi.globe.heatmap.performance: revision=2 visible_tiles=291 dirty_tiles=28 raster_calls=28 content_tiles=0 candidate_markers=0 marker_tile_pairs=0 raster_ms=0.035 cpu_ms=0.391 fallback_uploads=0 array_uploads=0 upload_mib=0.000 gpu_bake_passes=0
aowis.map.rhi.globe.heatmap.performance: revision=2 visible_tiles=283 dirty_tiles=4 raster_calls=4 content_tiles=0 candidate_markers=0 marker_tile_pairs=0 raster_ms=0.003 cpu_ms=0.148 fallback_uploads=0 array_uploads=0 upload_mib=0.000 gpu_bake_passes=0
aowis.map.rhi.globe.heatmap.performance: revision=2 visible_tiles=287 dirty_tiles=12 raster_calls=12 content_tiles=0 candidate_markers=0 marker_tile_pairs=0 raster_ms=0.012 cpu_ms=0.143 fallback_uploads=0 array_uploads=0 upload_mib=0.000 gpu_bake_passes=0
aowis.map.rhi.globe.heatmap.performance: revision=2 visible_tiles=286 dirty_tiles=4 raster_calls=4 content_tiles=0 candidate_markers=0 marker_tile_pairs=0 raster_ms=0.004 cpu_ms=0.106 fallback_uploads=0 array_uploads=0 upload_mib=0.000 gpu_bake_passes=0
aowis.map.rhi.globe.heatmap.performance: revision=2 visible_tiles=288 dirty_tiles=12 raster_calls=12 content_tiles=0 candidate_markers=0 marker_tile_pairs=0 raster_ms=0.014 cpu_ms=0.155 fallback_uploads=0 array_uploads=0 upload_mib=0.000 gpu_bake_passes=0
aowis.map.rhi.globe.heatmap.performance: revision=2 visible_tiles=291 dirty_tiles=11 raster_calls=11 content_tiles=0 candidate_markers=0 marker_tile_pairs=0 raster_ms=0.013 cpu_ms=0.147 fallback_uploads=0 array_uploads=0 upload_mib=0.000 gpu_bake_passes=0
aowis.map.rhi.globe.heatmap.performance: revision=2 visible_tiles=282 dirty_tiles=8 raster_calls=8 content_tiles=0 candidate_markers=0 marker_tile_pairs=0 raster_ms=0.008 cpu_ms=0.118 fallback_uploads=0 array_uploads=0 upload_mib=0.000 gpu_bake_passes=0
aowis.map.rhi.globe.heatmap.performance: revision=2 visible_tiles=227 dirty_tiles=16 raster_calls=16 content_tiles=0 candidate_markers=0 marker_tile_pairs=0 raster_ms=0.021 cpu_ms=0.139 fallback_uploads=0 array_uploads=0 upload_mib=0.000 gpu_bake_passes=0
aowis.map.rhi.globe.heatmap.performance: revision=2 visible_tiles=234 dirty_tiles=28 raster_calls=28 content_tiles=0 candidate_markers=0 marker_tile_pairs=0 raster_ms=0.162 cpu_ms=0.321 fallback_uploads=0 array_uploads=0 upload_mib=0.000 gpu_bake_passes=0
aowis.map.rhi.globe.heatmap.performance: revision=2 visible_tiles=242 dirty_tiles=24 raster_calls=24 content_tiles=0 candidate_markers=0 marker_tile_pairs=0 raster_ms=0.033 cpu_ms=0.225 fallback_uploads=0 array_uploads=0 upload_mib=0.000 gpu_bake_passes=0
aowis.map.rhi.globe.heatmap.performance: revision=2 visible_tiles=244 dirty_tiles=20 raster_calls=20 content_tiles=0 candidate_markers=0 marker_tile_pairs=0 raster_ms=0.031 cpu_ms=0.243 fallback_uploads=0 array_uploads=0 upload_mib=0.000 gpu_bake_passes=0
aowis.map.rhi.globe.heatmap.performance: revision=2 visible_tiles=255 dirty_tiles=28 raster_calls=28 content_tiles=0 candidate_markers=0 marker_tile_pairs=0 raster_ms=0.035 cpu_ms=0.218 fallback_uploads=0 array_uploads=0 upload_mib=0.000 gpu_bake_passes=0
aowis.map.rhi.globe.heatmap.performance: revision=2 visible_tiles=258 dirty_tiles=16 raster_calls=16 content_tiles=0 candidate_markers=0 marker_tile_pairs=0 raster_ms=0.018 cpu_ms=0.162 fallback_uploads=0 array_uploads=0 upload_mib=0.000 gpu_bake_passes=0
aowis.map.rhi.globe.heatmap.performance: revision=2 visible_tiles=263 dirty_tiles=16 raster_calls=16 content_tiles=0 candidate_markers=0 marker_tile_pairs=0 raster_ms=0.018 cpu_ms=0.157 fallback_uploads=0 array_uploads=0 upload_mib=0.000 gpu_bake_passes=0
aowis.map.rhi.globe.heatmap.performance: revision=2 visible_tiles=267 dirty_tiles=20 raster_calls=20 content_tiles=0 candidate_markers=0 marker_tile_pairs=0 raster_ms=0.016 cpu_ms=0.151 fallback_uploads=0 array_uploads=0 upload_mib=0.000 gpu_bake_passes=0
aowis.map.rhi.globe.heatmap.performance: revision=2 visible_tiles=276 dirty_tiles=24 raster_calls=24 content_tiles=0 candidate_markers=0 marker_tile_pairs=0 raster_ms=0.027 cpu_ms=0.175 fallback_uploads=0 array_uploads=0 upload_mib=0.000 gpu_bake_passes=0
aowis.map.rhi.globe.heatmap.performance: revision=2 visible_tiles=274 dirty_tiles=4 raster_calls=4 content_tiles=0 candidate_markers=0 marker_tile_pairs=0 raster_ms=0.005 cpu_ms=0.127 fallback_uploads=0 array_uploads=0 upload_mib=0.000 gpu_bake_passes=0
aowis.map.rhi.globe.heatmap.performance: revision=2 visible_tiles=283 dirty_tiles=24 raster_calls=24 content_tiles=0 candidate_markers=0 marker_tile_pairs=0 raster_ms=0.025 cpu_ms=0.179 fallback_uploads=0 array_uploads=0 upload_mib=0.000 gpu_bake_passes=0
aowis.map.rhi.globe.heatmap.performance: revision=2 visible_tiles=285 dirty_tiles=12 raster_calls=12 content_tiles=0 candidate_markers=0 marker_tile_pairs=0 raster_ms=0.011 cpu_ms=0.124 fallback_uploads=0 array_uploads=0 upload_mib=0.000 gpu_bake_passes=0
aowis.map.rhi.globe.heatmap.performance: revision=2 visible_tiles=289 dirty_tiles=20 raster_calls=20 content_tiles=0 candidate_markers=0 marker_tile_pairs=0 raster_ms=0.014 cpu_ms=0.152 fallback_uploads=0 array_uploads=0 upload_mib=0.000 gpu_bake_passes=0
aowis.map.rhi.globe.heatmap.performance: revision=2 visible_tiles=292 dirty_tiles=11 raster_calls=11 content_tiles=0 candidate_markers=0 marker_tile_pairs=0 raster_ms=0.010 cpu_ms=0.118 fallback_uploads=0 array_uploads=0 upload_mib=0.000 gpu_bake_passes=0
aowis.map.rhi.globe.heatmap.performance: revision=2 visible_tiles=284 dirty_tiles=5 raster_calls=5 content_tiles=0 candidate_markers=0 marker_tile_pairs=0 raster_ms=0.003 cpu_ms=0.082 fallback_uploads=0 array_uploads=0 upload_mib=0.000 gpu_bake_passes=0
aowis.map.rhi.globe.heatmap.performance: revision=2 visible_tiles=274 dirty_tiles=3 raster_calls=3 content_tiles=0 candidate_markers=0 marker_tile_pairs=0 raster_ms=0.002 cpu_ms=0.073 fallback_uploads=0 array_uploads=0 upload_mib=0.000 gpu_bake_passes=0
aowis.map.rhi.globe.heatmap.performance: revision=2 visible_tiles=262 dirty_tiles=2 raster_calls=2 content_tiles=0 candidate_markers=0 marker_tile_pairs=0 raster_ms=0.002 cpu_ms=0.094 fallback_uploads=0 array_uploads=0 upload_mib=0.000 gpu_bake_passes=0
aowis.map.rhi.globe.heatmap.performance: revision=2 visible_tiles=221 dirty_tiles=8 raster_calls=8 content_tiles=0 candidate_markers=0 marker_tile_pairs=0 raster_ms=0.005 cpu_ms=0.069 fallback_uploads=0 array_uploads=0 upload_mib=0.000 gpu_bake_passes=0
aowis.map.rhi.globe.heatmap.performance: revision=2 visible_tiles=228 dirty_tiles=24 raster_calls=24 content_tiles=0 candidate_markers=0 marker_tile_pairs=0 raster_ms=0.017 cpu_ms=0.126 fallback_uploads=0 array_uploads=0 upload_mib=0.000 gpu_bake_passes=0
aowis.map.rhi.globe.heatmap.performance: revision=2 visible_tiles=234 dirty_tiles=24 raster_calls=24 content_tiles=0 candidate_markers=0 marker_tile_pairs=0 raster_ms=0.018 cpu_ms=0.113 fallback_uploads=0 array_uploads=0 upload_mib=0.000 gpu_bake_passes=0
aowis.map.rhi.globe.heatmap.performance: revision=2 visible_tiles=245 dirty_tiles=28 raster_calls=28 content_tiles=0 candidate_markers=0 marker_tile_pairs=0 raster_ms=0.019 cpu_ms=0.137 fallback_uploads=0 array_uploads=0 upload_mib=0.000 gpu_bake_passes=0
aowis.map.rhi.globe.heatmap.performance: revision=2 visible_tiles=246 dirty_tiles=16 raster_calls=16 content_tiles=0 candidate_markers=0 marker_tile_pairs=0 raster_ms=0.010 cpu_ms=0.106 fallback_uploads=0 array_uploads=0 upload_mib=0.000 gpu_bake_passes=0
aowis.map.rhi.globe.heatmap.performance: revision=2 visible_tiles=255 dirty_tiles=28 raster_calls=28 content_tiles=0 candidate_markers=0 marker_tile_pairs=0 raster_ms=0.016 cpu_ms=0.116 fallback_uploads=0 array_uploads=0 upload_mib=0.000 gpu_bake_passes=0
aowis.map.rhi.globe.heatmap.performance: revision=2 visible_tiles=260 dirty_tiles=16 raster_calls=16 content_tiles=0 candidate_markers=0 marker_tile_pairs=0 raster_ms=0.016 cpu_ms=0.130 fallback_uploads=0 array_uploads=0 upload_mib=0.000 gpu_bake_passes=0
aowis.map.rhi.globe.heatmap.performance: revision=2 visible_tiles=266 dirty_tiles=20 raster_calls=20 content_tiles=0 candidate_markers=0 marker_tile_pairs=0 raster_ms=0.012 cpu_ms=0.107 fallback_uploads=0 array_uploads=0 upload_mib=0.000 gpu_bake_passes=0
aowis.map.rhi.globe.heatmap.performance: revision=2 visible_tiles=264 dirty_tiles=8 raster_calls=8 content_tiles=0 candidate_markers=0 marker_tile_pairs=0 raster_ms=0.005 cpu_ms=0.081 fallback_uploads=0 array_uploads=0 upload_mib=0.000 gpu_bake_passes=0
aowis.map.rhi.globe.heatmap.performance: revision=2 visible_tiles=282 dirty_tiles=32 raster_calls=32 content_tiles=0 candidate_markers=0 marker_tile_pairs=0 raster_ms=0.026 cpu_ms=0.170 fallback_uploads=0 array_uploads=0 upload_mib=0.000 gpu_bake_passes=0
aowis.map.rhi.globe.heatmap.performance: revision=2 visible_tiles=277 dirty_tiles=4 raster_calls=4 content_tiles=0 candidate_markers=0 marker_tile_pairs=0 raster_ms=0.002 cpu_ms=0.084 fallback_uploads=0 array_uploads=0 upload_mib=0.000 gpu_bake_passes=0
aowis.map.rhi.globe.heatmap.performance: revision=2 visible_tiles=285 dirty_tiles=20 raster_calls=20 content_tiles=0 candidate_markers=0 marker_tile_pairs=0 raster_ms=0.014 cpu_ms=0.112 fallback_uploads=0 array_uploads=0 upload_mib=0.000 gpu_bake_passes=0
aowis.map.rhi.globe.heatmap.performance: revision=2 visible_tiles=289 dirty_tiles=12 raster_calls=12 content_tiles=0 candidate_markers=0 marker_tile_pairs=0 raster_ms=0.007 cpu_ms=0.112 fallback_uploads=0 array_uploads=0 upload_mib=0.000 gpu_bake_passes=0
aowis.map.rhi.globe.heatmap.performance: revision=2 visible_tiles=287 dirty_tiles=8 raster_calls=8 content_tiles=0 candidate_markers=0 marker_tile_pairs=0 raster_ms=0.003 cpu_ms=0.081 fallback_uploads=0 array_uploads=0 upload_mib=0.000 gpu_bake_passes=0
aowis.map.rhi.globe.heatmap.performance: revision=2 visible_tiles=292 dirty_tiles=12 raster_calls=12 content_tiles=0 candidate_markers=0 marker_tile_pairs=0 raster_ms=0.009 cpu_ms=0.104 fallback_uploads=0 array_uploads=0 upload_mib=0.000 gpu_bake_passes=0
aowis.map.rhi.globe.heatmap.performance: revision=2 visible_tiles=289 dirty_tiles=3 raster_calls=3 content_tiles=0 candidate_markers=0 marker_tile_pairs=0 raster_ms=0.001 cpu_ms=0.077 fallback_uploads=0 array_uploads=0 upload_mib=0.000 gpu_bake_passes=0
aowis.map.rhi.globe.heatmap.performance: revision=2 visible_tiles=283 dirty_tiles=8 raster_calls=8 content_tiles=0 candidate_markers=0 marker_tile_pairs=0 raster_ms=0.006 cpu_ms=0.102 fallback_uploads=0 array_uploads=0 upload_mib=0.000 gpu_bake_passes=0
aowis.map.rhi.globe.heatmap.performance: revision=2 visible_tiles=265 dirty_tiles=2 raster_calls=2 content_tiles=0 candidate_markers=0 marker_tile_pairs=0 raster_ms=0.002 cpu_ms=0.075 fallback_uploads=0 array_uploads=0 upload_mib=0.000 gpu_bake_passes=0
aowis.map.rhi.globe.heatmap.performance: revision=2 visible_tiles=222 dirty_tiles=16 raster_calls=16 content_tiles=0 candidate_markers=0 marker_tile_pairs=0 raster_ms=0.009 cpu_ms=0.084 fallback_uploads=0 array_uploads=0 upload_mib=0.000 gpu_bake_passes=0
aowis.map.rhi.globe.heatmap.performance: revision=2 visible_tiles=227 dirty_tiles=24 raster_calls=24 content_tiles=0 candidate_markers=0 marker_tile_pairs=0 raster_ms=0.012 cpu_ms=0.104 fallback_uploads=0 array_uploads=0 upload_mib=0.000 gpu_bake_passes=0
aowis.map.rhi.globe.heatmap.performance: revision=2 visible_tiles=238 dirty_tiles=32 raster_calls=32 content_tiles=0 candidate_markers=0 marker_tile_pairs=0 raster_ms=0.015 cpu_ms=0.110 fallback_uploads=0 array_uploads=0 upload_mib=0.000 gpu_bake_passes=0
aowis.map.rhi.globe.heatmap.performance: revision=2 visible_tiles=245 dirty_tiles=16 raster_calls=16 content_tiles=0 candidate_markers=0 marker_tile_pairs=0 raster_ms=0.008 cpu_ms=0.104 fallback_uploads=0 array_uploads=0 upload_mib=0.000 gpu_bake_passes=0
aowis.map.rhi.globe.heatmap.performance: revision=2 visible_tiles=250 dirty_tiles=20 raster_calls=20 content_tiles=0 candidate_markers=0 marker_tile_pairs=0 raster_ms=0.008 cpu_ms=0.084 fallback_uploads=0 array_uploads=0 upload_mib=0.000 gpu_bake_passes=0
aowis.map.rhi.globe.heatmap.performance: revision=2 visible_tiles=257 dirty_tiles=28 raster_calls=28 content_tiles=0 candidate_markers=0 marker_tile_pairs=0 raster_ms=0.017 cpu_ms=0.123 fallback_uploads=0 array_uploads=0 upload_mib=0.000 gpu_bake_passes=0
aowis.map.rhi.globe.heatmap.performance: revision=2 visible_tiles=261 dirty_tiles=20 raster_calls=20 content_tiles=0 candidate_markers=0 marker_tile_pairs=0 raster_ms=0.011 cpu_ms=0.103 fallback_uploads=0 array_uploads=0 upload_mib=0.000 gpu_bake_passes=0
aowis.map.rhi.globe.heatmap.performance: revision=2 visible_tiles=266 dirty_tiles=12 raster_calls=12 content_tiles=0 candidate_markers=0 marker_tile_pairs=0 raster_ms=0.007 cpu_ms=0.086 fallback_uploads=0 array_uploads=0 upload_mib=0.000 gpu_bake_passes=0
aowis.map.rhi.globe.heatmap.performance: revision=2 visible_tiles=270 dirty_tiles=16 raster_calls=16 content_tiles=0 candidate_markers=0 marker_tile_pairs=0 raster_ms=0.009 cpu_ms=0.096 fallback_uploads=0 array_uploads=0 upload_mib=0.000 gpu_bake_passes=0
aowis.map.rhi.globe.heatmap.performance: revision=2 visible_tiles=276 dirty_tiles=16 raster_calls=16 content_tiles=0 candidate_markers=0 marker_tile_pairs=0 raster_ms=0.009 cpu_ms=0.113 fallback_uploads=0 array_uploads=0 upload_mib=0.000 gpu_bake_passes=0
aowis.map.rhi.globe.heatmap.performance: revision=2 visible_tiles=274 dirty_tiles=12 raster_calls=12 content_tiles=0 candidate_markers=0 marker_tile_pairs=0 raster_ms=0.009 cpu_ms=0.108 fallback_uploads=0 array_uploads=0 upload_mib=0.000 gpu_bake_passes=0
aowis.map.rhi.globe.heatmap.performance: revision=2 visible_tiles=285 dirty_tiles=20 raster_calls=20 content_tiles=0 candidate_markers=0 marker_tile_pairs=0 raster_ms=0.012 cpu_ms=0.113 fallback_uploads=0 array_uploads=0 upload_mib=0.000 gpu_bake_passes=0
aowis.map.rhi.globe.heatmap.performance: revision=2 visible_tiles=292 dirty_tiles=20 raster_calls=20 content_tiles=0 candidate_markers=0 marker_tile_pairs=0 raster_ms=0.015 cpu_ms=0.120 fallback_uploads=0 array_uploads=0 upload_mib=0.000 gpu_bake_passes=0
aowis.map.rhi.globe.heatmap.performance: revision=2 visible_tiles=296 dirty_tiles=12 raster_calls=12 content_tiles=0 candidate_markers=0 marker_tile_pairs=0 raster_ms=0.007 cpu_ms=0.118 fallback_uploads=0 array_uploads=0 upload_mib=0.000 gpu_bake_passes=0
aowis.map.rhi.globe.heatmap.performance: revision=2 visible_tiles=294 dirty_tiles=3 raster_calls=3 content_tiles=0 candidate_markers=0 marker_tile_pairs=0 raster_ms=0.001 cpu_ms=0.082 fallback_uploads=0 array_uploads=0 upload_mib=0.000 gpu_bake_passes=0
aowis.map.rhi.globe.heatmap.performance: revision=2 visible_tiles=291 dirty_tiles=4 raster_calls=4 content_tiles=0 candidate_markers=0 marker_tile_pairs=0 raster_ms=0.002 cpu_ms=0.076 fallback_uploads=0 array_uploads=0 upload_mib=0.000 gpu_bake_passes=0
aowis.map.rhi.globe.heatmap.performance: revision=2 visible_tiles=266 dirty_tiles=2 raster_calls=2 content_tiles=0 candidate_markers=0 marker_tile_pairs=0 raster_ms=0.002 cpu_ms=0.068 fallback_uploads=0 array_uploads=0 upload_mib=0.000 gpu_bake_passes=0
aowis.map.rhi.globe.heatmap.performance: revision=2 visible_tiles=217 dirty_tiles=4 raster_calls=4 content_tiles=0 candidate_markers=0 marker_tile_pairs=0 raster_ms=0.002 cpu_ms=0.070 fallback_uploads=0 array_uploads=0 upload_mib=0.000 gpu_bake_passes=0
aowis.map.rhi.globe.heatmap.performance: revision=2 visible_tiles=226 dirty_tiles=24 raster_calls=24 content_tiles=0 candidate_markers=0 marker_tile_pairs=0 raster_ms=0.014 cpu_ms=0.106 fallback_uploads=0 array_uploads=0 upload_mib=0.000 gpu_bake_passes=0
aowis.map.rhi.globe.heatmap.performance: revision=2 visible_tiles=232 dirty_tiles=24 raster_calls=24 content_tiles=0 candidate_markers=0 marker_tile_pairs=0 raster_ms=0.016 cpu_ms=0.121 fallback_uploads=0 array_uploads=0 upload_mib=0.000 gpu_bake_passes=0
aowis.map.rhi.globe.heatmap.performance: revision=2 visible_tiles=240 dirty_tiles=24 raster_calls=24 content_tiles=0 candidate_markers=0 marker_tile_pairs=0 raster_ms=0.014 cpu_ms=0.126 fallback_uploads=0 array_uploads=0 upload_mib=0.000 gpu_bake_passes=0
aowis.map.rhi.globe.heatmap.performance: revision=2 visible_tiles=246 dirty_tiles=20 raster_calls=20 content_tiles=0 candidate_markers=0 marker_tile_pairs=0 raster_ms=0.010 cpu_ms=0.096 fallback_uploads=0 array_uploads=0 upload_mib=0.000 gpu_bake_passes=0
aowis.map.rhi.globe.heatmap.performance: revision=2 visible_tiles=250 dirty_tiles=20 raster_calls=20 content_tiles=0 candidate_markers=0 marker_tile_pairs=0 raster_ms=0.013 cpu_ms=0.118 fallback_uploads=0 array_uploads=0 upload_mib=0.000 gpu_bake_passes=0
aowis.map.rhi.globe.heatmap.performance: revision=2 visible_tiles=262 dirty_tiles=28 raster_calls=28 content_tiles=0 candidate_markers=0 marker_tile_pairs=0 raster_ms=0.018 cpu_ms=0.134 fallback_uploads=0 array_uploads=0 upload_mib=0.000 gpu_bake_passes=0
aowis.map.rhi.globe.heatmap.performance: revision=2 visible_tiles=264 dirty_tiles=16 raster_calls=16 content_tiles=0 candidate_markers=0 marker_tile_pairs=0 raster_ms=0.010 cpu_ms=0.120 fallback_uploads=0 array_uploads=0 upload_mib=0.000 gpu_bake_passes=0
aowis.map.rhi.globe.heatmap.performance: revision=2 visible_tiles=266 dirty_tiles=12 raster_calls=12 content_tiles=0 candidate_markers=0 marker_tile_pairs=0 raster_ms=0.011 cpu_ms=0.115 fallback_uploads=0 array_uploads=0 upload_mib=0.000 gpu_bake_passes=0
aowis.map.rhi.globe.heatmap.performance: revision=2 visible_tiles=274 dirty_tiles=20 raster_calls=20 content_tiles=0 candidate_markers=0 marker_tile_pairs=0 raster_ms=0.011 cpu_ms=0.111 fallback_uploads=0 array_uploads=0 upload_mib=0.000 gpu_bake_passes=0
aowis.map.rhi.globe.heatmap.performance: revision=3 visible_tiles=274 dirty_tiles=274 raster_calls=274 content_tiles=113 candidate_markers=3809 marker_tile_pairs=3162 raster_ms=519.635 cpu_ms=539.856 fallback_uploads=113 array_uploads=0 upload_mib=28.250 gpu_bake_passes=0
aowis.map.rhi.globe.heatmap.performance: revision=4 visible_tiles=274 dirty_tiles=274 raster_calls=274 content_tiles=111 candidate_markers=3809 marker_tile_pairs=3025 raster_ms=326.799 cpu_ms=327.323 fallback_uploads=111 array_uploads=0 upload_mib=27.750 gpu_bake_passes=0
aowis.map.rhi.globe.heatmap.performance: revision=5 visible_tiles=274 dirty_tiles=274 raster_calls=274 content_tiles=109 candidate_markers=3809 marker_tile_pairs=2878 raster_ms=368.920 cpu_ms=369.570 fallback_uploads=109 array_uploads=0 upload_mib=27.250 gpu_bake_passes=0
aowis.map.rhi.globe.heatmap.performance: revision=6 visible_tiles=274 dirty_tiles=274 raster_calls=274 content_tiles=90 candidate_markers=1453 marker_tile_pairs=1306 raster_ms=89.058 cpu_ms=89.709 fallback_uploads=90 array_uploads=0 upload_mib=22.500 gpu_bake_passes=0
aowis.map.rhi.globe.heatmap.performance: revision=7 visible_tiles=274 dirty_tiles=274 raster_calls=274 content_tiles=91 candidate_markers=1453 marker_tile_pairs=1447 raster_ms=130.802 cpu_ms=131.381 fallback_uploads=91 array_uploads=0 upload_mib=22.750 gpu_bake_passes=0
aowis.map.rhi.globe.heatmap.performance: revision=8 visible_tiles=274 dirty_tiles=274 raster_calls=274 content_tiles=92 candidate_markers=2054 marker_tile_pairs=1538 raster_ms=139.025 cpu_ms=139.532 fallback_uploads=92 array_uploads=0 upload_mib=23.000 gpu_bake_passes=0
aowis.map.rhi.globe.heatmap.performance: revision=9 visible_tiles=274 dirty_tiles=274 raster_calls=274 content_tiles=122 candidate_markers=6095 marker_tile_pairs=4966 raster_ms=859.936 cpu_ms=863.486 fallback_uploads=122 array_uploads=0 upload_mib=30.500 gpu_bake_passes=0
aowis.map.rhi.globe.heatmap.performance: revision=10 visible_tiles=274 dirty_tiles=274 raster_calls=274 content_tiles=123 candidate_markers=6095 marker_tile_pairs=5369 raster_ms=1005.768 cpu_ms=1007.827 fallback_uploads=123 array_uploads=0 upload_mib=30.750 gpu_bake_passes=0
aowis.map.rhi.globe.heatmap.performance: revision=11 visible_tiles=274 dirty_tiles=274 raster_calls=274 content_tiles=130 candidate_markers=7255 marker_tile_pairs=6292 raster_ms=1086.977 cpu_ms=1088.869 fallback_uploads=130 array_uploads=0 upload_mib=32.500 gpu_bake_passes=0
aowis.map.rhi.globe.heatmap.performance: revision=12 visible_tiles=274 dirty_tiles=274 raster_calls=274 content_tiles=133 candidate_markers=8513 marker_tile_pairs=7914 raster_ms=1425.366 cpu_ms=1427.010 fallback_uploads=133 array_uploads=0 upload_mib=33.250 gpu_bake_passes=0
aowis.map.rhi.globe.heatmap.performance: revision=13 visible_tiles=274 dirty_tiles=274 raster_calls=274 content_tiles=120 candidate_markers=4908 marker_tile_pairs=4603 raster_ms=847.286 cpu_ms=848.340 fallback_uploads=120 array_uploads=0 upload_mib=30.000 gpu_bake_passes=0
